This file contains any messages produced by compilers while
running configure, to aid debugging if configure makes a mistake.

It was created by configure, which was
generated by GNU Autoconf 2.69.  Invocation command line was

  $ ./configure x86_64-apple

## --------- ##
## Platform. ##
## --------- ##

hostname = Staceys-Mac-mini.local
uname -m = x86_64
uname -r = 14.1.0
uname -s = Darwin
uname -v = Darwin Kernel Version 14.1.0: Mon Dec 22 23:10:38 PST 2014; root:xnu-2782.10.72~2/RELEASE_X86_64

/usr/bin/uname -p = i386
/bin/uname -X     = unknown

/bin/arch              = unknown
/usr/bin/arch -k       = unknown
/usr/convex/getsysinfo = unknown
/usr/bin/hostinfo      = Mach kernel version:
	 Darwin Kernel Version 14.1.0: Mon Dec 22 23:10:38 PST 2014; root:xnu-2782.10.72~2/RELEASE_X86_64
Kernel configured for up to 4 processors.
2 processors are physically available.
4 processors are logically available.
Processor type: x86_64h (Intel x86-64h Haswell)
Processors active: 0 1 2 3
Primary memory available: 8.00 gigabytes
Default processor set: 195 tasks, 803 threads, 4 processors
Load average: 1.33, Mach factor: 2.67
/bin/machine           = unknown
/usr/bin/oslevel       = unknown
/bin/universe          = unknown

PATH: /usr/local/bin
PATH: /usr/bin
PATH: /bin
PATH: /usr/sbin
PATH: /sbin


## ----------- ##
## Core tests. ##
## ----------- ##

configure:1831: checking build system type
configure:1845: result: x86_64-apple-macos
configure:1865: checking host system type
configure:1878: result: x86_64-apple-macos
configure:1898: checking target system type
configure:1911: result: x86_64-apple-macos
configure:1947: checking for x86_64-apple-gcc
configure:1977: result: no
configure:1987: checking for gcc
configure:2003: found /usr/bin/gcc
configure:2014: result: gcc
configure:2243: checking for C compiler version
configure:2252: gcc --version >&5
Apple LLVM version 6.1.0 (clang-602.0.53) (based on LLVM 3.6.0svn)
Target: x86_64-apple-darwin14.1.0
Thread model: posix
Configured with: --prefix=/Applications/Xcode.app/Contents/Developer/usr --with-gxx-include-dir=/Applications/Xcode.app/Contents/Developer/Platforms/MacOSX.platform/Developer/SDKs/MacOSX10.10.sdk/usr/include/c++/4.2.1
configure:2263: $? = 0
configure:2252: gcc -v >&5
Configured with: --prefix=/Applications/Xcode.app/Contents/Developer/usr --with-gxx-include-dir=/Applications/Xcode.app/Contents/Developer/Platforms/MacOSX.platform/Developer/SDKs/MacOSX10.10.sdk/usr/include/c++/4.2.1
Apple LLVM version 6.1.0 (clang-602.0.53) (based on LLVM 3.6.0svn)
Target: x86_64-apple-darwin14.1.0
Thread model: posix
configure:2263: $? = 0
configure:2252: gcc -V >&5
clang: error: argument to '-V' is missing (expected 1 value)
clang: error: no input files
configure:2263: $? = 1
configure:2252: gcc -qversion >&5
clang: error: unknown argument: '-qversion'
clang: error: no input files
configure:2263: $? = 1
configure:2283: checking whether the C compiler works
configure:2305: gcc    conftest.c  >&5
configure:2309: $? = 0
configure:2357: result: yes
configure:2360: checking for C compiler default output file name
configure:2362: result: a.out
configure:2368: checking for suffix of executables
configure:2375: gcc -o conftest    conftest.c  >&5
configure:2379: $? = 0
configure:2401: result: 
configure:2423: checking whether we are cross compiling
configure:2431: gcc -o conftest    conftest.c  >&5
configure:2435: $? = 0
configure:2442: ./conftest
configure:2446: $? = 0
configure:2461: result: no
configure:2466: checking for suffix of object files
configure:2488: gcc -c   conftest.c >&5
configure:2492: $? = 0
configure:2513: result: o
configure:2517: checking whether we are using the GNU C compiler
configure:2536: gcc -c   conftest.c >&5
configure:2536: $? = 0
configure:2545: result: yes
configure:2554: checking whether gcc accepts -g
configure:2574: gcc -c -g  conftest.c >&5
configure:2574: $? = 0
configure:2615: result: yes
configure:2632: checking for gcc option to accept ISO C89
configure:2695: gcc  -c -g -O2  conftest.c >&5
configure:2695: $? = 0
configure:2708: result: none needed
configure:2746: checking whether /usr/bin/gcc and cc understand -c and -o together
configure:2777: /usr/bin/gcc -c conftest.c -o conftest2.o >&5
configure:2781: $? = 0
configure:2787: /usr/bin/gcc -c conftest.c -o conftest2.o >&5
configure:2791: $? = 0
configure:2802: cc -c conftest.c >&5
configure:2806: $? = 0
configure:2814: cc -c conftest.c -o conftest2.o >&5
configure:2818: $? = 0
configure:2824: cc -c conftest.c -o conftest2.o >&5
configure:2828: $? = 0
configure:2846: result: yes
configure:2858: checking whether ln -s works
configure:2862: result: yes
configure:2890: checking for x86_64-apple-ranlib
configure:2920: result: no
configure:2930: checking for ranlib
configure:2946: found /usr/bin/ranlib
configure:2957: result: ranlib
configure:3995: creating ./config.status

## ---------------------- ##
## Running config.status. ##
## ---------------------- ##

This file was extended by config.status, which was
generated by GNU Autoconf 2.69.  Invocation command line was

  CONFIG_FILES    = 
  CONFIG_HEADERS  = 
  CONFIG_LINKS    = 
  CONFIG_COMMANDS = 
  $ ./config.status 

on Staceys-Mac-mini.local

config.status:811: creating Makefile
config.status:811: creating Makefile.sub
config.status:811: creating dapicore/Makefile
config.status:811: creating dapicore/Makefile.sub
config.status:811: creating dapi/Makefile
config.status:811: creating dapicore/cmd/Makefile
config.status:811: creating dapicore/kernel/Makefile
config.status:811: creating dapicore/lts/Makefile
config.status:811: creating dapicore/ph/Makefile
config.status:811: creating dapicore/vtm/Makefile
config.status:811: creating dapicore/hlsyn/Makefile
config.status:811: creating plat/linux/src/Makefile
config.status:811: creating plat/unix/src/Makefile
config.status:811: creating shared/src/Makefile
config.status:811: creating shared/src/osf/Makefile
config.status:811: creating sdk/example/linux/windict/Makefile
config.status:811: creating sdk/example/linux/dtsamples/Makefile
config.status:811: creating sdk/example/linux/speak/Makefile
config.status:811: creating plat/unix/apps/licunix/src/Makefile
config.status:811: creating plat/unix/apps/udicunix/src/Makefile

## ---------------- ##
## Cache variables. ##
## ---------------- ##

ac_cv_build=x86_64-apple-macos
ac_cv_c_compiler_gnu=yes
ac_cv_env_CC_set=
ac_cv_env_CC_value=
ac_cv_env_CFLAGS_set=
ac_cv_env_CFLAGS_value=
ac_cv_env_CPPFLAGS_set=
ac_cv_env_CPPFLAGS_value=
ac_cv_env_LDFLAGS_set=
ac_cv_env_LDFLAGS_value=
ac_cv_env_LIBS_set=
ac_cv_env_LIBS_value=
ac_cv_env_build_alias_set=set
ac_cv_env_build_alias_value=x86_64-apple
ac_cv_env_host_alias_set=set
ac_cv_env_host_alias_value=x86_64-apple
ac_cv_env_target_alias_set=set
ac_cv_env_target_alias_value=x86_64-apple
ac_cv_host=x86_64-apple-macos
ac_cv_objext=o
ac_cv_prog_ac_ct_CC=gcc
ac_cv_prog_ac_ct_RANLIB=ranlib
ac_cv_prog_cc__usr_bin_gcc_c_o=yes
ac_cv_prog_cc_c89=
ac_cv_prog_cc_g=yes
ac_cv_target=x86_64-apple-macos

## ----------------- ##
## Output variables. ##
## ----------------- ##

ALIGN_OPT=''
ALL_LIB_OBJS='$(API_ALL_OBJ) $(API_MME_OBJ) $(CMD_OBJ) 	      $(LTS_OBJ) $(PH_OBJ) $(HL_OBJ) $(KERNEL_OBJ) $(NT_OBJ)               $(NT_MME_OBJ) $(OSF_OBJ) $(OSF_TTS_OBJ) $(VTM_OBJ)               $(LTS_NORM_OBJS) $(LTS_DEMO_OBJS)'
API_OBJ_IN='$(OUTPUT_DIR)/ttsapi_mme.o 			$(OUTPUT_DIR)/decstd97.o $(OUTPUT_DIR)/ttsapi_demo.o			$(OUTPUT_DIR)/init.o $(OUTPUT_DIR)/crypt2.o 			$(OUTPUT_DIR)/init_demo.o '
AR='ar ruvs'
BUILD_DIR='/Users/stacey/hebrew/dapi/build'
CC='/usr/bin/gcc'
CFLAGS='-g -O2'
CPPFLAGS=''
DAPI_LD_SHARED='$(CC) -arch x86_64 -dynamic -dynamiclib -dylib 		-o $@ $(DECTALK_TTS_OBJS) $(LIBS) $(LANG_LIBS)'
DAPI_SRC_ALL='$(OUTPUT_DIR)/libtts.a 	$(OUTPUT_DIR)/libtts.dylib'
DEBUG_FLAGS=' -g -arch x86_64'
DECTALK_DEMO_OBJS='$(API_ALL_OBJ) $(API_DEMO_OBJ) 	$(CMD_OBJ) $(LTS_OBJ) $(LTS_DEMO_OBJS) $(PH_OBJ) $(HL_OBJ) $(KERNEL_OBJ) 	$(NT_OBJ) $(OSF_OBJ) $(NT_MME_OBJ) $(VTM_OBJ)'
DECTALK_MME_OBJS='$(API_ALL_OBJ) $(API_MME_OBJ) $(CMD_OBJ) $(LTS_OBJ) 	$(LTS_NORM_OBJS) $(PH_OBJ) $(HL_OBJ) $(KERNEL_OBJ) $(NT_OBJ) 	$(NT_MME_OBJ) $(OSF_OBJ) $(VTM_OBJ)'
DECTALK_TTS_OBJS='$(API_ALL_OBJ) $(API_MME_OBJ) 	$(CMD_OBJ) $(LTS_OBJ) $(LTS_NORM_OBJS) $(PH_OBJ) $(HL_OBJ) $(KERNEL_OBJ) 	$(NT_OBJ) $(NT_MME_OBJ) $(OSF_OBJ) $(VTM_OBJ)'
DEFINES=' -DLTSSIM -D_APPLE_MAC_ -D_MAC_OSX_ -D_APPLE_MAC_64BIT_ -DNO_SESSION -DTTSSIM -DANSI -DBLD_DECTALK_DLL -D$(LANGUAGE) -DACCESS32 -DTYPING_MODE -DNO_INCLUDED_C_FILES -DNEW_MULTI_LANG_ARCH -DMULTIPLE_LANGUAGES_LOADED -DHLSYN -DMACOS_STATIC -dynamic'
DEFS='-DPACKAGE_NAME=\"\" -DPACKAGE_TARNAME=\"\" -DPACKAGE_VERSION=\"\" -DPACKAGE_STRING=\"\" -DPACKAGE_BUGREPORT=\"\" -DPACKAGE_URL=\"\"'
DIC_CC='gcc'
DTALK_ML='$(CC) -c $(CFLAGS) -o $@ $?'
DTALK_ML_MME=''
DTSAMPLE_ALL='$(OUTPUT_DIR)/say'
DT_SO_LIBS='-lpthread -framework CoreAudio -framework AudioToolbox -framework AudioUnit'
ECHO_C='\c'
ECHO_N=''
ECHO_T=''
ENDIAN_PARM=''
EXEEXT=''
GTK_DEFINES=''
GTK_LIBS=''
INC_LN_S_DIR='/usr/include/dtk'
INIT_ML='$(CC) -c $(CFLAGS) $(DEFINES) -o $@ $?'
LANG_DAPI_LD_SHARED='$(CC) -arch x86_64 -dynamic -dynamiclib -dylib 		-o $@ $($(U_LANG_CODE)_OBJ)'
LANG_DAPI_LD_STUB='$(CC) -arch x86_64 -dynamic -dynamiclib -dylib 		-o $@ $($(U_LANG_CODE)_STUB_OBJ)'
LD='ld'
LDFLAGS=''
LIBOBJS=''
LIBS=' -lpthread -framework CoreAudio -framework AudioToolbox -framework AudioUnit'
LIB_FLAGS=''
LIB_LN_S_A_DIR='/usr/lib'
LIB_LN_S_SO_DIR='/usr/lib'
LICENSE_ALL='$(OUTPUT_DIR)/licenin1 $(OUTPUT_DIR)/licenin3             $(OUTPUT_DIR)/licenin7 $(OUTPUT_DIR)/installer'
LICENSE_DEFINES='-D_SPARC_SOLARIS_'
LINK_LINUX_AUDIO=''
LINK_PORT_AUDIO=''
LINUX_AUDIO=''
LN_S='ln -f -s'
LTLIBOBJS=''
ML_ALL='$(LIB_LN_S_A_DIR)/libtts.a $(SHLIB)/libtts.so'
ML_TTS_MME_SO=''
ML_TTS_SO='$(CC) -dynamic -dynamiclib -dylib 	-o $@ ../build/$(OS_VERSION)/$(ML_OUT)/link/dtalk_ml.o 	../build/$(OS_VERSION)/$(ML_OUT)/link/init.o 	../build/$(OS_VERSION)/$(ML_OUT)/libtts.a  -ldl -lpthread -lc'
MMELIBS=' -lpthread'
MME_COMPILE_FLAGS=''
MME_DIR='.'
OBJEXT='o'
OPTO_FLAGS=' -O2'
OS_VERSION='intel64-14.1.0'
PACKAGE_BUGREPORT=''
PACKAGE_NAME=''
PACKAGE_STRING=''
PACKAGE_TARNAME=''
PACKAGE_URL=''
PACKAGE_VERSION=''
PATH_SEPARATOR=':'
PH_VTM_OPTO_FLAGS='-O2'
PLATFORM_DEFS=''
PLAYAUD='playaud_mac.o'
RANLIB='ranlib'
SAMPLE_DTLIB='-L../../../../build/$(OS_VERSION)/dectalk -ltts'
SAMPLE_LINKFLAGS=' -ldl -arch x86_64'
SHELL='/bin/sh'
SHLIB='/usr/lib'
SHLIB_SUFFIX='dylib'
SO_LOCATIONS=''
SPEAK_ALL=''
STD_INCLUDE='/usr/include/'
WARN_FLAGS=' -Wall'
WINDICT_ALL=''
ac_ct_CC='gcc'
bindir='${exec_prefix}/bin'
build='x86_64-apple-macos'
build_alias='x86_64-apple'
build_cpu='x86_64'
build_os='macos'
build_vendor='apple'
datadir='${datarootdir}'
datarootdir='${prefix}/share'
docdir='${datarootdir}/doc/${PACKAGE}'
dvidir='${docdir}'
exec_prefix='${prefix}'
host='x86_64-apple-macos'
host_alias='x86_64-apple'
host_cpu='x86_64'
host_os='macos'
host_vendor='apple'
htmldir='${docdir}'
includedir='${prefix}/include'
infodir='${datarootdir}/info'
libdir='${exec_prefix}/lib'
libexecdir='${exec_prefix}/libexec'
localedir='${datarootdir}/locale'
localstatedir='${prefix}/var'
mandir='${datarootdir}/man'
oldincludedir='/usr/include'
pdfdir='${docdir}'
prefix='/usr/local'
program_transform_name='s,x,x,'
psdir='${docdir}'
sbindir='${exec_prefix}/sbin'
sharedstatedir='${prefix}/com'
sysconfdir='${prefix}/etc'
target='x86_64-apple-macos'
target_alias='x86_64-apple'
target_cpu='x86_64'
target_os='macos'
target_vendor='apple'

## ----------- ##
## confdefs.h. ##
## ----------- ##

/* confdefs.h */
#define PACKAGE_NAME ""
#define PACKAGE_TARNAME ""
#define PACKAGE_VERSION ""
#define PACKAGE_STRING ""
#define PACKAGE_BUGREPORT ""
#define PACKAGE_URL ""

configure: exit 0
