//////////////////////////////////////////////////////////////////////
/////////////////////////////// Summary //////////////////////////////
//////////////////////////////////////////////////////////////////////

		Components:  			        20
		File Groups:			        37
		Number of Files:		        46
		Size of Files:   		       8219527
		Size in Library:		       3470727


		<Support>
			Engine
				Log
				Kernel
			Main Installation
				Script
				Setup
				StrTbl
				RunTime
				Resource
		<Data>
			Disk<1>
			DECtalk Demos
				US English
				UK English
				Spanish
				Latin American
				German
				French
				Italian


//////////////////////////////////////////////////////////////////////
///////////////////////////// Components /////////////////////////////
//////////////////////////////////////////////////////////////////////

*<Support>*

		File Group
		------------------------------------------------------

*<Support>\Engine*

		File Group
		------------------------------------------------------
		"<Engine>Engine Files"
		"<Engine>SelfRegistering"
		"<Engine>ScriptEngine"

*<Support>\Engine\Log*

		File Group
		------------------------------------------------------

*<Support>\Engine\Kernel*

		File Group
		------------------------------------------------------
		"<Engine>Kernel Placeholder"

*<Support>\Main Installation*

		File Group
		------------------------------------------------------

*<Support>\Main Installation\Script*

		File Group
		------------------------------------------------------
		"<Support>Script"

*<Support>\Main Installation\Setup*

		File Group
		------------------------------------------------------
		"<Support>Language Independent OS Independent Files"
		"<Support>Language Independent Intel 32 Files"
		"<Support>English OS Independent Files"
		"<Support>English Intel 32 Files"

*<Support>\Main Installation\StrTbl*

		File Group
		------------------------------------------------------
		"<Support>English String Tables"

*<Support>\Main Installation\RunTime*

		File Group
		------------------------------------------------------
		"<Support>Non-SelfRegistering"

*<Support>\Main Installation\Resource*

		File Group
		------------------------------------------------------
		"<Support>English Files"

*<Data>*

		File Group
		------------------------------------------------------

*<Data>\Disk<1>*

		File Group
		------------------------------------------------------
		"<Disk1>Disk1 Files(1)"
		"<Disk1>Disk1 Files(2)"
		"<Disk1>Disk1 Files(3)"

*<Data>\DECtalk Demos*

		File Group
		------------------------------------------------------
		"DECtalk"

*<Data>\DECtalk Demos\US English*

		File Group
		------------------------------------------------------
		"DECtalk"
		"US English dic"
		"US English exe"
		"US English text"

*<Data>\DECtalk Demos\UK English*

		File Group
		------------------------------------------------------
		"DECtalk"
		"UK English dic"
		"UK English exe"
		"UK English text"

*<Data>\DECtalk Demos\Spanish*

		File Group
		------------------------------------------------------
		"DECtalk"
		"Spanish dic"
		"Spanish exe"
		"Spanish text"

*<Data>\DECtalk Demos\Latin American*

		File Group
		------------------------------------------------------
		"DECtalk"
		"Latin American dic"
		"Latin American exe"
		"Latin American text"

*<Data>\DECtalk Demos\German*

		File Group
		------------------------------------------------------
		"DECtalk"
		"German dic"
		"German exe"
		"German text"

*<Data>\DECtalk Demos\French*

		File Group
		------------------------------------------------------
		"DECtalk"
		"French dic"
		"French exe"
		"French text"

*<Data>\DECtalk Demos\Italian*

		File Group
		------------------------------------------------------
		"DECtalk"
		"Italian dic"
		"Italian exe"
		"Italian text"


//////////////////////////////////////////////////////////////////////
///////////////////////////// File Groups ////////////////////////////
//////////////////////////////////////////////////////////////////////

><Engine>Engine Files<

		Size of Files:   		         28529
		Size in Library:		          5841


		File                                                    Date        Time         Size         Version            Attributes    MD5                                     Source file
		------------------------------------------------------  ----------  -----------  -----------  -----------------  ------------  --------------------------------------  ------------------------------------------------
		"corecomp.ini"                                          12/16/1999  10:24:50 AM        28529  ""                 ""            "82f9d562-867d-b37e-e4ab-9e6b338348a1"  ""

><Engine>SelfRegistering<

		Size of Files:   		        286720
		Size in Library:		        120916


		File                                                    Date        Time         Size         Version            Attributes    MD5                                     Source file
		------------------------------------------------------  ----------  -----------  -----------  -----------------  ------------  --------------------------------------  ------------------------------------------------
		"ctor.dll"                                              09/05/2001  04:18:52 AM        77824  "6.31.100.1190"    ""            "016c3a00-ac1a-3b99-cde8-c860988ce49b"  ""
		"objectps.dll"                                          09/05/2001  04:13:42 AM        32768  "6.31.100.1190"    ""            "04b2028f-3985-f839-aefe-6b07b283be9a"  ""
		"iuser.dll"                                             09/05/2001  04:14:42 AM       176128  "6.31.100.1190"    ""            "fd657737-e34d-2c91-0f81-4ee9f182feda"  ""

><Engine>ScriptEngine<

		Size of Files:   		        225280
		Size in Library:		        104893


		File                                                    Date        Time         Size         Version            Attributes    MD5                                     Source file
		------------------------------------------------------  ----------  -----------  -----------  -----------------  ------------  --------------------------------------  ------------------------------------------------
		"iscript.dll"                                           09/05/2001  04:18:34 AM       225280  "6.31.100.1190"    ""            "dce6f7b2-4a7e-31ae-47fb-fc74a2ddb365"  ""

><Engine>Kernel Placeholder<

		Size of Files:   		             0


		File                                                    Date        Time         Size         Version            Attributes    MD5                                     Source file
		------------------------------------------------------  ----------  -----------  -----------  -----------------  ------------  --------------------------------------  ------------------------------------------------
		"ikernel.exe"                                           07/12/1999  12:45:30 PM            0  ""                 ""            "d98c1dd4-008f-04b2-e980-0998ecf8427e"  ""

><Support>Script<

		Size of Files:   		        147406
		Size in Library:		        147406


		File                                                    Date        Time         Size         Version            Attributes    MD5                                     Source file
		------------------------------------------------------  ----------  -----------  -----------  -----------------  ------------  --------------------------------------  ------------------------------------------------
		"setup.inx"                                             12/27/2004  02:11:26 PM       147406  ""                 "A"           "f34b1b16-21ba-422a-c641-b83dca226c9c"  ""

><Support>Language Independent OS Independent Files<

		Size of Files:   		          1283
		Size in Library:		           645


		File                                                    Date        Time         Size         Version            Attributes    MD5                                     Source file
		------------------------------------------------------  ----------  -----------  -----------  -----------------  ------------  --------------------------------------  ------------------------------------------------
		"license.txt"                                           12/27/2004  02:11:26 PM         1235  ""                 "A"           "e2346420-096a-9010-4638-b4861edfec4b"  ""
		"vssver.scc"                                            12/27/2004  02:11:26 PM           48  ""                 "A"           "d79358fc-eb53-36cb-e48f-f3a6a5a4c1e7"  ""

><Support>Language Independent Intel 32 Files<

		Size of Files:   		             0


		File                                                    Date        Time         Size         Version            Attributes    MD5                                     Source file
		------------------------------------------------------  ----------  -----------  -----------  -----------------  ------------  --------------------------------------  ------------------------------------------------

><Support>English OS Independent Files<

		Size of Files:   		             0


		File                                                    Date        Time         Size         Version            Attributes    MD5                                     Source file
		------------------------------------------------------  ----------  -----------  -----------  -----------------  ------------  --------------------------------------  ------------------------------------------------

><Support>English Intel 32 Files<

		Size of Files:   		             0


		File                                                    Date        Time         Size         Version            Attributes    MD5                                     Source file
		------------------------------------------------------  ----------  -----------  -----------  -----------------  ------------  --------------------------------------  ------------------------------------------------

><Support>English String Tables<

		Size of Files:   		           320
		Size in Library:		           234


		File                                                    Date        Time         Size         Version            Attributes    MD5                                     Source file
		------------------------------------------------------  ----------  -----------  -----------  -----------------  ------------  --------------------------------------  ------------------------------------------------
		"value.shl"                                             12/27/2004  02:11:26 PM          272  ""                 "A"           "02fcd1c2-1826-7404-412e-337889323a0e"  ""
		"vssver.scc"                                            12/27/2004  02:11:26 PM           48  ""                 "A"           "a27d188c-0562-fbc6-fc82-ccb5007459d9"  ""

><Support>Non-SelfRegistering<

		Size of Files:   		        332944
		Size in Library:		        165450


		File                                                    Date        Time         Size         Version            Attributes    MD5                                     Source file
		------------------------------------------------------  ----------  -----------  -----------  -----------------  ------------  --------------------------------------  ------------------------------------------------
		"isrt.dll"                                              09/05/2001  04:20:54 AM       331776  "6.31.100.1190"    ""            "d256c061-7adf-69b7-d6fd-801869b828a9"  ""
		"default.pal"                                           09/16/1999  10:24:10 AM         1168  ""                 ""            "3ffeba0a-d069-4953-4405-061de2629c82"  ""

><Support>English Files<

		Size of Files:   		        258048
		Size in Library:		         68965


		File                                                    Date        Time         Size         Version            Attributes    MD5                                     Source file
		------------------------------------------------------  ----------  -----------  -----------  -----------------  ------------  --------------------------------------  ------------------------------------------------
		"_isres.dll"                                            09/05/2001  04:21:30 AM       258048  "6.31.100.1190"    ""            "4d60ea48-a74f-afd9-5b12-1c04db6a2fec"  ""

><Disk1>Disk1 Files(1)<

		Size of Files:   		             0


		File                                                    Date        Time         Size         Version            Attributes    MD5                                     Source file
		------------------------------------------------------  ----------  -----------  -----------  -----------------  ------------  --------------------------------------  ------------------------------------------------
		"layout.bin"                                            06/28/1999  05:30:10 PM            0  ""                 ""            "d98c1dd4-008f-04b2-e980-0998ecf8427e"  ""
		"data1.hdr"                                             06/28/1999  05:30:10 PM            0  ""                 ""            "d98c1dd4-008f-04b2-e980-0998ecf8427e"  ""
		"data1.cab"                                             06/28/1999  05:30:10 PM            0  ""                 ""            "d98c1dd4-008f-04b2-e980-0998ecf8427e"  ""

><Disk1>Disk1 Files(2)<

		Size of Files:   		         56455
		Size in Library:		         56455


		File                                                    Date        Time         Size         Version            Attributes    MD5                                     Source file
		------------------------------------------------------  ----------  -----------  -----------  -----------------  ------------  --------------------------------------  ------------------------------------------------
		"setup.exe"                                             09/05/2001  04:23:24 AM        56320  "6.31.100.1190"    "A"           "9e98eb1a-1a36-5ff8-5099-de3da25457f4"  ""
		"setup.ini"                                             01/07/2005  10:50:16 AM          135  ""                 "A"           "6dd962e9-4d75-7644-7f41-b584857c3240"  "d:\work\product\installation\windows dectalk demos\media\new cd-rom media\disk images\disk1\setup.ini"

><Disk1>Disk1 Files(3)<

		Size of Files:   		        147406
		Size in Library:		        147406


		File                                                    Date        Time         Size         Version            Attributes    MD5                                     Source file
		------------------------------------------------------  ----------  -----------  -----------  -----------------  ------------  --------------------------------------  ------------------------------------------------
		"setup.inx"                                             12/27/2004  02:11:26 PM       147406  ""                 "A"           "f34b1b16-21ba-422a-c641-b83dca226c9c"  ""

>DECtalk<

		Size of Files:   		         17200
		Size in Library:		          4968


		File                                                    Date        Time         Size         Version            Attributes    MD5                                     Source file
		------------------------------------------------------  ----------  -----------  -----------  -----------------  ------------  --------------------------------------  ------------------------------------------------
		"fonix.ico"                                             10/02/2003  09:29:10 AM        10134  ""                 "A"           "bd21d80d-6c2e-660a-8ac7-e13b1e4e9921"  ""
		"readme.txt"                                            12/02/2003  01:26:20 PM         7066  ""                 "A"           "d7fdfd75-bc5b-9d45-a09c-2fe0063f3889"  ""

>US English dic<

		Size of Files:   		        355376
		Size in Library:		        138706


		File                                                    Date        Time         Size         Version            Attributes    MD5                                     Source file
		------------------------------------------------------  ----------  -----------  -----------  -----------------  ------------  --------------------------------------  ------------------------------------------------
		"dtalk_us.dic"                                          01/05/2005  10:21:56 AM       355376  ""                 "A"           "6c0e0224-a99f-dbf6-9f1f-735ed3fb1c5b"  ""

>US English exe<

		Size of Files:   		        757760
		Size in Library:		        327610


		File                                                    Date        Time         Size         Version            Attributes    MD5                                     Source file
		------------------------------------------------------  ----------  -----------  -----------  -----------------  ------------  --------------------------------------  ------------------------------------------------
		"dtdemo.exe"                                            01/05/2005  10:17:56 AM       757760  ""                 "A"           "8ed511de-4282-9d52-c54f-31f96a2a21dc"  ""

>US English text<

		Size of Files:   		          1616
		Size in Library:		           904


		File                                                    Date        Time         Size         Version            Attributes    MD5                                     Source file
		------------------------------------------------------  ----------  -----------  -----------  -----------------  ------------  --------------------------------------  ------------------------------------------------
		"demo.en"                                               01/05/2005  10:24:58 AM         1616  ""                 "RA"          "70012b3c-3048-11c5-f773-bc87cbaee36c"  ""

>UK English dic<

		Size of Files:   		        451432
		Size in Library:		        163681


		File                                                    Date        Time         Size         Version            Attributes    MD5                                     Source file
		------------------------------------------------------  ----------  -----------  -----------  -----------------  ------------  --------------------------------------  ------------------------------------------------
		"dtalk_uk.dic"                                          01/05/2005  10:32:42 AM       451432  ""                 "A"           "477ac012-27dd-f378-d1ac-bd75e7293b04"  ""

>UK English exe<

		Size of Files:   		        720896
		Size in Library:		        299777


		File                                                    Date        Time         Size         Version            Attributes    MD5                                     Source file
		------------------------------------------------------  ----------  -----------  -----------  -----------------  ------------  --------------------------------------  ------------------------------------------------
		"dtdemo.exe"                                            01/05/2005  10:29:24 AM       720896  ""                 "A"           "cafbdd33-b072-b940-6785-fa919abf1323"  ""

>UK English text<

		Size of Files:   		          1571
		Size in Library:		           893


		File                                                    Date        Time         Size         Version            Attributes    MD5                                     Source file
		------------------------------------------------------  ----------  -----------  -----------  -----------------  ------------  --------------------------------------  ------------------------------------------------
		"demo.uk"                                               12/27/2004  02:11:34 PM         1571  ""                 "A"           "532ea2e8-75c8-f315-096b-e2b5a1482d4e"  ""

>Spanish dic<

		Size of Files:   		         16464
		Size in Library:		          6503


		File                                                    Date        Time         Size         Version            Attributes    MD5                                     Source file
		------------------------------------------------------  ----------  -----------  -----------  -----------------  ------------  --------------------------------------  ------------------------------------------------
		"dtalk_sp.dic"                                          01/05/2005  11:02:54 AM        16464  ""                 "A"           "60dc02ba-eac8-2d5d-4c93-461256578902"  ""

>Spanish exe<

		Size of Files:   		        675840
		Size in Library:		        275626


		File                                                    Date        Time         Size         Version            Attributes    MD5                                     Source file
		------------------------------------------------------  ----------  -----------  -----------  -----------------  ------------  --------------------------------------  ------------------------------------------------
		"dtdemo.exe"                                            01/05/2005  10:59:28 AM       675840  ""                 "A"           "d15014f2-bd31-9823-ff5b-710977b71f97"  ""

>Spanish text<

		Size of Files:   		          1723
		Size in Library:		           968


		File                                                    Date        Time         Size         Version            Attributes    MD5                                     Source file
		------------------------------------------------------  ----------  -----------  -----------  -----------------  ------------  --------------------------------------  ------------------------------------------------
		"demo.sp"                                               12/27/2004  02:11:34 PM         1723  ""                 "A"           "739b225b-0b52-b8ae-f1ca-79dbb4f26bfa"  ""

>Latin American dic<

		Size of Files:   		         16484
		Size in Library:		          6510


		File                                                    Date        Time         Size         Version            Attributes    MD5                                     Source file
		------------------------------------------------------  ----------  -----------  -----------  -----------------  ------------  --------------------------------------  ------------------------------------------------
		"dtalk_la.dic"                                          01/05/2005  11:13:36 AM        16484  ""                 "A"           "629bf2c0-b0cb-cf99-8088-346bae46c522"  ""

>Latin American exe<

		Size of Files:   		        675840
		Size in Library:		        275613


		File                                                    Date        Time         Size         Version            Attributes    MD5                                     Source file
		------------------------------------------------------  ----------  -----------  -----------  -----------------  ------------  --------------------------------------  ------------------------------------------------
		"dtdemo.exe"                                            01/05/2005  11:10:14 AM       675840  ""                 "A"           "1ec2b531-953f-eb4f-9f8a-354f0138ccbb"  ""

>Latin American text<

		Size of Files:   		          1732
		Size in Library:		           971


		File                                                    Date        Time         Size         Version            Attributes    MD5                                     Source file
		------------------------------------------------------  ----------  -----------  -----------  -----------------  ------------  --------------------------------------  ------------------------------------------------
		"demo.la"                                               12/27/2004  02:11:34 PM         1732  ""                 "A"           "c0bd4d21-ac86-781e-8b3b-28b1c968ae59"  ""

>German dic<

		Size of Files:   		           260
		Size in Library:		           208


		File                                                    Date        Time         Size         Version            Attributes    MD5                                     Source file
		------------------------------------------------------  ----------  -----------  -----------  -----------------  ------------  --------------------------------------  ------------------------------------------------
		"dtalk_gr.dic"                                          01/05/2005  10:52:00 AM          260  ""                 "A"           "445039ef-1299-c022-e6e4-2d1c344e0540"  ""

>German exe<

		Size of Files:   		       1069056
		Size in Library:		        404945


		File                                                    Date        Time         Size         Version            Attributes    MD5                                     Source file
		------------------------------------------------------  ----------  -----------  -----------  -----------------  ------------  --------------------------------------  ------------------------------------------------
		"dtdemo.exe"                                            01/05/2005  10:48:42 AM      1069056  ""                 "A"           "3266728a-66a1-5843-1686-538a284b5b63"  ""

>German text<

		Size of Files:   		          2087
		Size in Library:		          1096


		File                                                    Date        Time         Size         Version            Attributes    MD5                                     Source file
		------------------------------------------------------  ----------  -----------  -----------  -----------------  ------------  --------------------------------------  ------------------------------------------------
		"demo.gr"                                               12/27/2004  02:11:34 PM         2087  ""                 "A"           "8daefcba-94bd-24b8-b1c7-114663db72a8"  ""

>French dic<

		Size of Files:   		         32700
		Size in Library:		         14970


		File                                                    Date        Time         Size         Version            Attributes    MD5                                     Source file
		------------------------------------------------------  ----------  -----------  -----------  -----------------  ------------  --------------------------------------  ------------------------------------------------
		"dtalk_fr.dic"                                          01/05/2005  10:41:22 AM        32700  ""                 "A"           "73483576-9225-65de-9537-3a128fd8b8bd"  ""

>French exe<

		Size of Files:   		        708608
		Size in Library:		        296657


		File                                                    Date        Time         Size         Version            Attributes    MD5                                     Source file
		------------------------------------------------------  ----------  -----------  -----------  -----------------  ------------  --------------------------------------  ------------------------------------------------
		"dtdemo.exe"                                            01/05/2005  10:39:48 AM       708608  ""                 "A"           "0eb5374d-7142-2e40-a179-eb41003160d5"  ""

>French text<

		Size of Files:   		          1833
		Size in Library:		           982


		File                                                    Date        Time         Size         Version            Attributes    MD5                                     Source file
		------------------------------------------------------  ----------  -----------  -----------  -----------------  ------------  --------------------------------------  ------------------------------------------------
		"demo.fr"                                               12/27/2004  02:11:34 PM         1833  ""                 "A"           "94c47855-4243-13fb-b826-fb2e94a05d57"  ""

>Italian dic<

		Size of Files:   		             8
		Size in Library:		             7


		File                                                    Date        Time         Size         Version            Attributes    MD5                                     Source file
		------------------------------------------------------  ----------  -----------  -----------  -----------------  ------------  --------------------------------------  ------------------------------------------------
		"dtalk_it.dic"                                          01/05/2005  11:20:24 AM            8  ""                 "A"           "2b36ea7d-ac3f-008e-956a-4952a3d4f474"  ""

>Italian exe<

		Size of Files:   		       1224704
		Size in Library:		        429859


		File                                                    Date        Time         Size         Version            Attributes    MD5                                     Source file
		------------------------------------------------------  ----------  -----------  -----------  -----------------  ------------  --------------------------------------  ------------------------------------------------
		"dtdemo.exe"                                            01/05/2005  11:18:44 AM      1224704  ""                 "A"           "a69983fc-0b82-e686-3041-2301f34eb5b9"  ""

>Italian text<

		Size of Files:   		          1946
		Size in Library:		          1062


		File                                                    Date        Time         Size         Version            Attributes    MD5                                     Source file
		------------------------------------------------------  ----------  -----------  -----------  -----------------  ------------  --------------------------------------  ------------------------------------------------
		"demo.it"                                               01/05/2005  10:24:54 AM         1946  ""                 "RA"          "e33544bf-087e-8a3e-6f75-d32975add0db"  ""
